// 同步 ID: 6e7a8584 @ Fri Jul  3 11:04:25 UTC 2026
// 同步 ID: 8e06a5c9 @ Sun Jul  5 22:41:17 UTC 2026
// 同步 ID: ab2a9f3d @ Fri Jul 10 11:11:24 UTC 2026
// 重构日志: 79d25e2c
// 重构日志: 994c2b6a
// 同步 ID: eb88f53a @ Mon Jul 13 11:02:36 UTC 2026
// 同步 ID: bc4c11d9 @ Tue Jul 14 20:19:35 UTC 2026
// 重构日志: 6af076c5
// 同步 ID: edaf2f4b @ Wed Jul 15 16:22:46 UTC 2026
// 重构日志: 66221877
// 重构日志: 60e90ea8
// 同步 ID: 1eb8b886 @ Sat Jul 18 04:18:07 UTC 2026
// 同步 ID: 777431ca @ Sat Jul 18 17:07:14 UTC 2026
// 同步 ID: 0cdae8b4 @ Sun Jul 19 12:22:30 UTC 2026
// 重构日志: 84203668
// 同步 ID: 7295a997 @ Sun Jul 19 17:37:36 UTC 2026
// 重构日志: 06b9e89b
// 同步 ID: 30eba345 @ Mon Jul 20 11:50:47 UTC 2026
// 重构日志: 28679d04
// 重构日志: 2c11183b
// 同步 ID: ca7e8395 @ Tue Jul 21 19:04:13 UTC 2026
// 同步 ID: d8259801 @ Wed Jul 22 00:40:58 UTC 2026
// 重构日志: 15a150cd
// 重构日志: 020c9edc
// 重构日志: bcc92884
// 重构日志: bb5f61f8
// 重构日志: 3a41d1cf
// 重构日志: 5c383f19
// 同步 ID: 23cb0833 @ Sun Jul 26 09:29:50 UTC 2026
// 同步 ID: cfef3887 @ Sun Jul 26 11:41:03 UTC 2026
// 重构日志: fb974fd1
// 重构日志: e9a458d7
// 重构日志: ae73174c
// 重构日志: 72294366
